WARNING: All log messages before absl::InitializeLog() is called are written to STDERR
I0000 00:00:1764820231.971937 3597279 gl_context.cc:357] GL version: 2.1 (2.1 Metal - 90.5), renderer: Apple M1
I0000 00:00:1764820231.977375 3597279 gl_context.cc:357] GL version: 2.1 (2.1 Metal - 90.5), renderer: Apple M1
INFO: Created TensorFlow Lite XNNPACK delegate for CPU.
Starting Kavach Web Application...
Initializing models (this may take a moment)...
Loading graffiti model...
Graffiti model loaded!
Initializing person detector...
Loading human detection model from yolo11n.pt...
Human detection model loaded successfully!
Initializing MediaPipe Pose...
MediaPipe Pose initialized!
Initializing MediaPipe Face Detection (for filtering)...
MediaPipe Face Detection initialized!
Person detector initialized!
Loading Haar Cascade...
Loading Haar Cascade from /Users/nityam/vandalism/env/lib/python3.9/site-packages/cv2/data/haarcascade_frontalface_default.xml...
Haar Cascade face detector loaded successfully!
Haar Cascade loaded!
Models initialized!
Starting Flask server...
 * Serving Flask app 'app'
 * Debug mode: on
W0000 00:00:1764820231.993006 3597362 inference_feedback_manager.cc:114] Feedback manager requires a model with a single signature inference. Disabling support for feedback tensors.
Address already in use
Port 5000 is in use by another program. Either identify and stop that program, or start the server with a different port.
On macOS, try searching for and disabling 'AirPlay Receiver' in System Settings.
W0000 00:00:1764820232.060516 3597352 inference_feedback_manager.cc:114] Feedback manager requires a model with a single signature inference. Disabling support for feedback tensors.
W0000 00:00:1764820232.073411 3597351 inference_feedback_manager.cc:114] Feedback manager requires a model with a single signature inference. Disabling support for feedback tensors.
